#
# There is insufficient memory for the Java Runtime Environment to continue.
# Native memory allocation (mmap) failed to map 1073741824 bytes for G1 virtual space
# Possible reasons:
#   The system is out of physical RAM or swap space
#   The process is running with CompressedOops enabled, and the Java Heap may be blocking the growth of the native heap
# Possible solutions:
#   Reduce memory load on the system
#   Increase physical memory or swap space
#   Check if swap backing store is full
#   Decrease Java heap size (-Xmx/-Xms)
#   Decrease number of Java threads
#   Decrease Java thread stack sizes (-Xss)
#   Set larger code cache with -XX:ReservedCodeCacheSize=
#   JVM is running with Zero Based Compressed Oops mode in which the Java heap is
#     placed in the first 32GB address space. The Java Heap base address is the
#     maximum limit for the native heap growth. Please use -XX:HeapBaseMinAddress
#     to set the Java Heap base and to place the Java Heap above 32GB virtual address.
# This output file may be truncated or incomplete.
#
#  Out of Memory Error (os_windows.cpp:3613), pid=5058264, tid=721892
#
# JRE version:  (17.0.9+9) (build )
# Java VM: OpenJDK 64-Bit Server VM (17.0.9+9, mixed mode, sharing, tiered, compressed oops, compressed class ptrs, g1 gc, windows-amd64)
# No core dump will be written. Minidumps are not enabled by default on client versions of Windows
#

---------------  S U M M A R Y ------------

Command Line: org.gradle.launcher.GradleMain -Dorg.gradle.jvmargs=-Xmx4096m --stop

Host: Intel(R) Core(TM) i7-10870H CPU @ 2.20GHz, 16 cores, 63G,  Windows 11 , 64 bit Build 22621 (10.0.22621.3958)
Time: Tue Nov 19 17:20:37 2024  Windows 11 , 64 bit Build 22621 (10.0.22621.3958) elapsed time: 0.009151 seconds (0d 0h 0m 0s)

---------------  T H R E A D  ---------------

Current thread (0x0000023c3c40cc90):  JavaThread "Unknown thread" [_thread_in_vm, id=721892, stack(0x00000070d1c00000,0x00000070d1d00000)]

Stack: [0x00000070d1c00000,0x00000070d1d00000]
Native frames: (J=compiled Java code, j=interpreted, Vv=VM code, C=native code)
V  [jvm.dll+0x67cf49]
V  [jvm.dll+0x83478a]
V  [jvm.dll+0x83624e]
V  [jvm.dll+0x8368b3]
V  [jvm.dll+0x247f1f]
V  [jvm.dll+0x679d69]
V  [jvm.dll+0x66e6ba]
V  [jvm.dll+0x307e5b]
V  [jvm.dll+0x30f306]
V  [jvm.dll+0x35f0ce]
V  [jvm.dll+0x35f2ff]
V  [jvm.dll+0x2dea58]
V  [jvm.dll+0x2df9c4]
V  [jvm.dll+0x806031]
V  [jvm.dll+0x36cf31]
V  [jvm.dll+0x7e4aac]
V  [jvm.dll+0x3f07af]
V  [jvm.dll+0x3f23e1]
C  [jli.dll+0x528f]
C  [ucrtbase.dll+0x29333]
C  [KERNEL32.DLL+0x1257d]
C  [ntdll.dll+0x5af08]


---------------  P R O C E S S  ---------------

Threads class SMR info:
_java_thread_list=0x00007ff96734ee98, length=0, elements={
}

Java Threads: ( => current thread )

Other Threads:
  0x0000023c3c4b9ac0 GCTaskThread "GC Thread#0" [stack: 0x00000070d1d00000,0x00000070d1e00000] [id=1507764]
  0x0000023c3c4be8d0 ConcurrentGCThread "G1 Main Marker" [stack: 0x00000070d1e00000,0x00000070d1f00000] [id=2934620]
  0x0000023c7967ea20 ConcurrentGCThread "G1 Conc#0" [stack: 0x00000070d1f00000,0x00000070d2000000] [id=4144088]

[error occurred during error reporting (printing all threads), id 0xc0000005, EXCEPTION_ACCESS_VIOLATION (0xc0000005) at pc=0x00007ff966b0f497]

VM state: not at safepoint (not fully initialized)

VM Mutex/Monitor currently owned by a thread:  ([mutex/lock_event])
[0x0000023c3c405e20] Heap_lock - owner thread: 0x0000023c3c40cc90

Heap address: 0x0000000402800000, size: 16344 MB, Compressed Oops mode: Zero based, Oop shift amount: 3

CDS archive(s) mapped at: [0x0000000000000000-0x0000000000000000-0x0000000000000000), size 0, SharedBaseAddress: 0x0000000800000000, ArchiveRelocationMode: 1.
Narrow klass base: 0x0000000000000000, Narrow klass shift: 0, Narrow klass range: 0x0

GC Precious Log:
<Empty>

Heap:
 garbage-first heap   total 0K, used 0K [0x0000000402800000, 0x0000000800000000)
  region size 8192K, 0 young (0K), 0 survivors (0K)

[error occurred during error reporting (printing heap information), id 0xc0000005, EXCEPTION_ACCESS_VIOLATION (0xc0000005) at pc=0x00007ff966ef6c79]

GC Heap History (0 events):
No events

Dll operation events (1 events):
Event: 0.005 Loaded shared library D:\Unity\6000.0.22f1\Editor\Data\PlaybackEngines\AndroidPlayer\OpenJDK\bin\java.dll

Deoptimization events (0 events):
No events

Classes unloaded (0 events):
No events

Classes redefined (0 events):
No events

Internal exceptions (0 events):
No events

VM Operations (0 events):
No events

Events (0 events):
No events


Dynamic libraries:
0x00007ff7ceb00000 - 0x00007ff7ceb0e000 	D:\Unity\6000.0.22f1\Editor\Data\PlaybackEngines\AndroidPlayer\OpenJDK\bin\java.exe
0x00007ff9eaa90000 - 0x00007ff9eaca7000 	C:\WINDOWS\SYSTEM32\ntdll.dll
0x00007ff9e9b40000 - 0x00007ff9e9c04000 	C:\WINDOWS\System32\KERNEL32.DLL
0x00007ff9e80b0000 - 0x00007ff9e8467000 	C:\WINDOWS\System32\KERNELBASE.dll
0x00007ff9e7f10000 - 0x00007ff9e8021000 	C:\WINDOWS\System32\ucrtbase.dll
0x00007ff9e1510000 - 0x00007ff9e1527000 	D:\Unity\6000.0.22f1\Editor\Data\PlaybackEngines\AndroidPlayer\OpenJDK\bin\jli.dll
0x00007ff9e1020000 - 0x00007ff9e103b000 	D:\Unity\6000.0.22f1\Editor\Data\PlaybackEngines\AndroidPlayer\OpenJDK\bin\VCRUNTIME140.dll
0x00007ff9e8b50000 - 0x00007ff9e8cff000 	C:\WINDOWS\System32\USER32.dll
0x00007ff9e7ee0000 - 0x00007ff9e7f06000 	C:\WINDOWS\System32\win32u.dll
0x00007ff9d75f0000 - 0x00007ff9d7883000 	C:\WINDOWS\WinSxS\amd64_microsoft.windows.common-controls_6595b64144ccf1df_6.0.22621.3672_none_2713b9d173822955\COMCTL32.dll
0x00007ff9e9c10000 - 0x00007ff9e9c39000 	C:\WINDOWS\System32\GDI32.dll
0x00007ff9e94b0000 - 0x00007ff9e9557000 	C:\WINDOWS\System32\msvcrt.dll
0x00007ff9e86a0000 - 0x00007ff9e87b8000 	C:\WINDOWS\System32\gdi32full.dll
0x00007ff9e7da0000 - 0x00007ff9e7e3a000 	C:\WINDOWS\System32\msvcp_win.dll
0x00007ff9e9d10000 - 0x00007ff9e9d41000 	C:\WINDOWS\System32\IMM32.DLL
0x00007ff9e1500000 - 0x00007ff9e150c000 	D:\Unity\6000.0.22f1\Editor\Data\PlaybackEngines\AndroidPlayer\OpenJDK\bin\vcruntime140_1.dll
0x00007ff9d59a0000 - 0x00007ff9d5a2d000 	D:\Unity\6000.0.22f1\Editor\Data\PlaybackEngines\AndroidPlayer\OpenJDK\bin\msvcp140.dll
0x00007ff966820000 - 0x00007ff967481000 	D:\Unity\6000.0.22f1\Editor\Data\PlaybackEngines\AndroidPlayer\OpenJDK\bin\server\jvm.dll
0x00007ff9e92f0000 - 0x00007ff9e93a2000 	C:\WINDOWS\System32\ADVAPI32.dll
0x00007ff9e97d0000 - 0x00007ff9e9878000 	C:\WINDOWS\System32\sechost.dll
0x00007ff9e7e40000 - 0x00007ff9e7e68000 	C:\WINDOWS\System32\bcrypt.dll
0x00007ff9e9a20000 - 0x00007ff9e9b34000 	C:\WINDOWS\System32\RPCRT4.dll
0x00007ff9e6c50000 - 0x00007ff9e6c9d000 	C:\WINDOWS\SYSTEM32\POWRPROF.dll
0x00007ff9e2290000 - 0x00007ff9e2299000 	C:\WINDOWS\SYSTEM32\WSOCK32.dll
0x00007ff9e0720000 - 0x00007ff9e0754000 	C:\WINDOWS\SYSTEM32\WINMM.dll
0x00007ff9e9880000 - 0x00007ff9e98f1000 	C:\WINDOWS\System32\WS2_32.dll
0x00007ff9e1cb0000 - 0x00007ff9e1cba000 	C:\WINDOWS\SYSTEM32\VERSION.dll
0x00007ff9e6c30000 - 0x00007ff9e6c43000 	C:\WINDOWS\SYSTEM32\UMPDC.dll
0x00007ff9e6e80000 - 0x00007ff9e6e98000 	C:\WINDOWS\SYSTEM32\kernel.appcore.dll
0x00007ff9e1010000 - 0x00007ff9e101a000 	D:\Unity\6000.0.22f1\Editor\Data\PlaybackEngines\AndroidPlayer\OpenJDK\bin\jimage.dll
0x00007ff9e5440000 - 0x00007ff9e5672000 	C:\WINDOWS\SYSTEM32\DBGHELP.DLL
0x00007ff9e87c0000 - 0x00007ff9e8b4e000 	C:\WINDOWS\System32\combase.dll
0x00007ff9e9900000 - 0x00007ff9e99d7000 	C:\WINDOWS\System32\OLEAUT32.dll
0x00007ff9d2ff0000 - 0x00007ff9d3022000 	C:\WINDOWS\SYSTEM32\dbgcore.DLL
0x00007ff9e8030000 - 0x00007ff9e80ab000 	C:\WINDOWS\System32\bcryptPrimitives.dll
0x00007ff9e0fe0000 - 0x00007ff9e1005000 	D:\Unity\6000.0.22f1\Editor\Data\PlaybackEngines\AndroidPlayer\OpenJDK\bin\java.dll

dbghelp: loaded successfully - version: 4.0.5 - missing functions: none
symbol engine: initialized successfully - sym options: 0x614 - pdb path: .;D:\Unity\6000.0.22f1\Editor\Data\PlaybackEngines\AndroidPlayer\OpenJDK\bin;C:\WINDOWS\SYSTEM32;C:\WINDOWS\WinSxS\amd64_microsoft.windows.common-controls_6595b64144ccf1df_6.0.22621.3672_none_2713b9d173822955;D:\Unity\6000.0.22f1\Editor\Data\PlaybackEngines\AndroidPlayer\OpenJDK\bin\server

VM Arguments:
java_command: org.gradle.launcher.GradleMain -Dorg.gradle.jvmargs=-Xmx4096m --stop
java_class_path (initial): D:\Unity\6000.0.22f1\Editor\Data\PlaybackEngines\AndroidPlayer\Tools\gradle\lib\gradle-launcher-8.4.jar
Launcher Type: SUN_STANDARD

[Global flags]
     intx CICompilerCount                          = 12                                        {product} {ergonomic}
     uint ConcGCThreads                            = 3                                         {product} {ergonomic}
     uint G1ConcRefinementThreads                  = 13                                        {product} {ergonomic}
   size_t G1HeapRegionSize                         = 8388608                                   {product} {ergonomic}
    uintx GCDrainStackTargetSize                   = 64                                        {product} {ergonomic}
   size_t InitialHeapSize                          = 1073741824                                {product} {ergonomic}
   size_t MarkStackSize                            = 4194304                                   {product} {ergonomic}
   size_t MaxHeapSize                              = 17137926144                               {product} {ergonomic}
   size_t MinHeapDeltaBytes                        = 8388608                                   {product} {ergonomic}
   size_t MinHeapSize                              = 8388608                                   {product} {ergonomic}
    uintx NonNMethodCodeHeapSize                   = 7602480                                {pd product} {ergonomic}
    uintx NonProfiledCodeHeapSize                  = 122027880                              {pd product} {ergonomic}
    uintx ProfiledCodeHeapSize                     = 122027880                              {pd product} {ergonomic}
    uintx ReservedCodeCacheSize                    = 251658240                              {pd product} {ergonomic}
     bool SegmentedCodeCache                       = true                                      {product} {ergonomic}
   size_t SoftMaxHeapSize                          = 17137926144                            {manageable} {ergonomic}
     bool UseCompressedClassPointers               = true                           {product lp64_product} {ergonomic}
     bool UseCompressedOops                        = true                           {product lp64_product} {ergonomic}
     bool UseG1GC                                  = true                                      {product} {ergonomic}
     bool UseLargePagesIndividualAllocation        = false                                  {pd product} {ergonomic}

Logging:
Log output configuration:
 #0: stdout all=warning uptime,level,tags
 #1: stderr all=off uptime,level,tags

Environment Variables:
JAVA_HOME=D:\Unity\6000.0.22f1\Editor\Data\PlaybackEngines\AndroidPlayer\OpenJDK
PATH=C:\Program Files\PlasticSCM5\server;C:\Program Files\PlasticSCM5\client;C:\Program Files\Microsoft\jdk-11.0.16.101-hotspot\bin;C:\Program Files\Common Files\Oracle\Java\javapath;C:\Program Files (x86)\Common Files\Oracle\Java\javapath;C:\Windows\system32;C:\Windows;C:\Windows\System32\Wbem;C:\Windows\System32\WindowsPowerShell\v1.0\;C:\Windows\System32\OpenSSH\;C:\Program Files\NVIDIA Corporation\NVIDIA NvDLISR;C:\Program Files\Git\cmd;C:\Program Files\Common Files\Autodesk Shared\;C:\Program Files\Microsoft SQL Server\120\Tools\Binn\;C:\WINDOWS\system32;C:\WINDOWS;C:\WINDOWS\System32\Wbem;C:\WINDOWS\System32\WindowsPowerShell\v1.0\;C:\WINDOWS\System32\OpenSSH\;C:\Program Files\Git LFS;C:\Program Files\dotnet\;C:\Program Files (x86)\NVIDIA Corporation\PhysX\Common;C:\Program Files (x86)\mysql-5.7.34-winx64\bin;C:\Users\flyer\.cargo\bin;C:\Programs\Python\Python310\Scripts\;C:\Programs\Python\Python310\;%USERPROFILE%\AppData\Local\Microsoft\WindowsApps;C:\Users\flyer\AppData\Local\Programs\Microsoft VS Code\bin;%USERPROFILE%\.dotnet\tools;C:\Users\flyer\AppData\Local\Programs\Python\Python310;C:\Users\flyer\AppData\Local\UGit\app-5.24.2\resources\app\git\cmd;C:\Users\flyer\AppData\Local\UGit\bin
USERNAME=flyer
OS=Windows_NT
PROCESSOR_IDENTIFIER=Intel64 Family 6 Model 165 Stepping 2, GenuineIntel
TMP=C:\Users\flyer\AppData\Local\Temp
TEMP=C:\Users\flyer\AppData\Local\Temp



Periodic native trim disabled


---------------  S Y S T E M  ---------------

OS:
 Windows 11 , 64 bit Build 22621 (10.0.22621.3958)
OS uptime: 3 days 6:12 hours

CPU: total 16 (initial active 16) (8 cores per cpu, 2 threads per core) family 6 model 165 stepping 2 microcode 0xe0, cx8, cmov, fxsr, ht, mmx, 3dnowpref, sse, sse2, sse3, ssse3, sse4.1, sse4.2, popcnt, lzcnt, tsc, tscinvbit, avx, avx2, aes, erms, clmul, bmi1, bmi2, adx, fma, vzeroupper, clflush, clflushopt
Processor Information for all 16 processors :
  Max Mhz: 2208, Current Mhz: 2208, Mhz Limit: 2208

Memory: 4k page, system-wide physical 65354M (8829M free)
TotalPageFile size 69891M (AvailPageFile size 531M)
current process WorkingSet (physical memory assigned to process): 12M, peak: 12M
current process commit charge ("private bytes"): 71M, peak: 1095M

vm_info: OpenJDK 64-Bit Server VM (17.0.9+9) for windows-amd64 JRE (17.0.9+9), built on Oct 26 2023 14:01:42 by "admin" with MS VC++ 16.10 / 16.11 (VS2019)

END.
