#
# There is insufficient memory for the Java Runtime Environment to continue.
# Native memory allocation (mmap) failed to map 1073741824 bytes for Failed to commit area from 0x0000000402c00000 to 0x0000000442c00000 of length 1073741824.
# Possible reasons:
#   The system is out of physical RAM or swap space
#   The process is running with CompressedOops enabled, and the Java Heap may be blocking the growth of the native heap
# Possible solutions:
#   Reduce memory load on the system
#   Increase physical memory or swap space
#   Check if swap backing store is full
#   Decrease Java heap size (-Xmx/-Xms)
#   Decrease number of Java threads
#   Decrease Java thread stack sizes (-Xss)
#   Set larger code cache with -XX:ReservedCodeCacheSize=
# This output file may be truncated or incomplete.
#
#  Out of Memory Error (./src/hotspot/os/windows/os_windows.cpp:3386), pid=283684, tid=1106468
#
# JRE version:  (11.0.16.1+1) (build )
# Java VM: OpenJDK 64-Bit Server VM (11.0.16.1+1-LTS, mixed mode, sharing, tiered, compressed oops, g1 gc, windows-amd64)
# No core dump will be written. Minidumps are not enabled by default on client versions of Windows
#

---------------  S U M M A R Y ------------

Command Line: 

Host: Intel(R) Core(TM) i7-10870H CPU @ 2.20GHz, 16 cores, 63G,  Windows 11 , 64 bit Build 22621 (10.0.22621.4391)
Time: Wed Dec  4 13:56:34 2024  Windows 11 , 64 bit Build 22621 (10.0.22621.4391) elapsed time: 0.008549 seconds (0d 0h 0m 0s)

---------------  T H R E A D  ---------------

Current thread (0x000002776c2bd000):  JavaThread "Unknown thread" [_thread_in_vm, id=1106468, stack(0x0000007daa900000,0x0000007daaa00000)]

Stack: [0x0000007daa900000,0x0000007daaa00000]
Native frames: (J=compiled Java code, j=interpreted, Vv=VM code, C=native code)
V  [jvm.dll+0x62652a]
V  [jvm.dll+0x7b3249]
V  [jvm.dll+0x7b4938]
V  [jvm.dll+0x7b5013]
V  [jvm.dll+0x24fca8]
V  [jvm.dll+0x62383a]
V  [jvm.dll+0x617fe5]
V  [jvm.dll+0x307bac]
V  [jvm.dll+0x307a32]
V  [jvm.dll+0x30c746]
V  [jvm.dll+0x352b9f]
V  [jvm.dll+0x3525d0]
V  [jvm.dll+0x2e4ba8]
V  [jvm.dll+0x2e5d06]
V  [jvm.dll+0x78d097]
V  [jvm.dll+0x78e81f]
V  [jvm.dll+0x35f8e9]
V  [jvm.dll+0x770000]
V  [jvm.dll+0x3cd40f]
V  [jvm.dll+0x3cf7a1]
C  [jli.dll+0x5207]
C  [ucrtbase.dll+0x29333]
C  [KERNEL32.DLL+0x1259d]
C  [ntdll.dll+0x5af38]


---------------  P R O C E S S  ---------------

Threads class SMR info:
_java_thread_list=0x000002776a0e4c90, length=0, elements={
}

Java Threads: ( => current thread )

Other Threads:
  0x000002776c2d5800 GCTaskThread "GC Thread#0" [stack: 0x0000007daaa00000,0x0000007daab00000] [id=319848]
  0x000002777b400000 ConcurrentGCThread "G1 Main Marker" [stack: 0x0000007daab00000,0x0000007daac00000] [id=4332084]
  0x000002776c389000 ConcurrentGCThread "G1 Conc#0" [stack: 0x0000007daac00000,0x0000007daad00000] [id=183496]

[error occurred during error reporting (printing all threads), id 0xc0000005, EXCEPTION_ACCESS_VIOLATION (0xc0000005) at pc=0x00007ffa6f914377]

VM state:not at safepoint (not fully initialized)

VM Mutex/Monitor currently owned by a thread:  ([mutex/lock_event])
[0x000002776c2b8d30] Heap_lock - owner thread: 0x000002776c2bd000

Heap address: 0x0000000402c00000, size: 16340 MB, Compressed Oops mode: Non-zero based: 0x0000000402c00000
Narrow klass base: 0x0000000000000000, Narrow klass shift: 0

GC Heap History (0 events):
No events

Deoptimization events (0 events):
No events

Classes redefined (0 events):
No events

Internal exceptions (0 events):
No events

Events (1 events):
Event: 0.005 Loaded shared library C:\Program Files\Microsoft\jdk-11.0.16.101-hotspot\bin\zip.dll


Dynamic libraries:
0x00007ff627f10000 - 0x00007ff627f1d000 	C:\Program Files\Microsoft\jdk-11.0.16.101-hotspot\bin\java.exe
0x00007ffb36310000 - 0x00007ffb36527000 	C:\WINDOWS\SYSTEM32\ntdll.dll
0x00007ffb352e0000 - 0x00007ffb353a4000 	C:\WINDOWS\System32\KERNEL32.DLL
0x00007ffb339e0000 - 0x00007ffb33d99000 	C:\WINDOWS\System32\KERNELBASE.dll
0x00007ffb33da0000 - 0x00007ffb33eb1000 	C:\WINDOWS\System32\ucrtbase.dll
0x00007ffb1be20000 - 0x00007ffb1be37000 	C:\Program Files\Microsoft\jdk-11.0.16.101-hotspot\bin\jli.dll
0x00007ffae4cc0000 - 0x00007ffae4cd5000 	C:\Program Files\Microsoft\jdk-11.0.16.101-hotspot\bin\VCRUNTIME140.dll
0x00007ffb350a0000 - 0x00007ffb3524e000 	C:\WINDOWS\System32\USER32.dll
0x00007ffb33890000 - 0x00007ffb338b6000 	C:\WINDOWS\System32\win32u.dll
0x00007ffb1d870000 - 0x00007ffb1db02000 	C:\WINDOWS\WinSxS\amd64_microsoft.windows.common-controls_6595b64144ccf1df_6.0.22621.4391_none_2715d37f73803e96\COMCTL32.dll
0x00007ffb34110000 - 0x00007ffb34139000 	C:\WINDOWS\System32\GDI32.dll
0x00007ffb344b0000 - 0x00007ffb34557000 	C:\WINDOWS\System32\msvcrt.dll
0x00007ffb338c0000 - 0x00007ffb339db000 	C:\WINDOWS\System32\gdi32full.dll
0x00007ffb33680000 - 0x00007ffb3371a000 	C:\WINDOWS\System32\msvcp_win.dll
0x00007ffb352a0000 - 0x00007ffb352d1000 	C:\WINDOWS\System32\IMM32.DLL
0x00007ffa96d50000 - 0x00007ffa96deb000 	C:\Program Files\Microsoft\jdk-11.0.16.101-hotspot\bin\msvcp140.dll
0x00007ffa6f620000 - 0x00007ffa701aa000 	C:\Program Files\Microsoft\jdk-11.0.16.101-hotspot\bin\server\jvm.dll
0x00007ffb353c0000 - 0x00007ffb35472000 	C:\WINDOWS\System32\ADVAPI32.dll
0x00007ffb35cc0000 - 0x00007ffb35d67000 	C:\WINDOWS\System32\sechost.dll
0x00007ffb33860000 - 0x00007ffb33888000 	C:\WINDOWS\System32\bcrypt.dll
0x00007ffb34140000 - 0x00007ffb34254000 	C:\WINDOWS\System32\RPCRT4.dll
0x00007ffb34260000 - 0x00007ffb34268000 	C:\WINDOWS\System32\PSAPI.DLL
0x00007ffb2b7b0000 - 0x00007ffb2b7e4000 	C:\WINDOWS\SYSTEM32\WINMM.dll
0x00007ffb2da20000 - 0x00007ffb2da29000 	C:\WINDOWS\SYSTEM32\WSOCK32.dll
0x00007ffb2d4c0000 - 0x00007ffb2d4ca000 	C:\WINDOWS\SYSTEM32\VERSION.dll
0x00007ffb36250000 - 0x00007ffb362c1000 	C:\WINDOWS\System32\WS2_32.dll
0x00007ffb32740000 - 0x00007ffb32758000 	C:\WINDOWS\SYSTEM32\kernel.appcore.dll
0x00007ffb2baa0000 - 0x00007ffb2bab0000 	C:\Program Files\Microsoft\jdk-11.0.16.101-hotspot\bin\verify.dll
0x00007ffb30c80000 - 0x00007ffb30eb2000 	C:\WINDOWS\SYSTEM32\DBGHELP.DLL
0x00007ffb354a0000 - 0x00007ffb3582f000 	C:\WINDOWS\System32\combase.dll
0x00007ffb34030000 - 0x00007ffb34107000 	C:\WINDOWS\System32\OLEAUT32.dll
0x00007ffb187a0000 - 0x00007ffb187d2000 	C:\WINDOWS\SYSTEM32\dbgcore.DLL
0x00007ffb337e0000 - 0x00007ffb3385b000 	C:\WINDOWS\System32\bcryptPrimitives.dll
0x00007ffae3ec0000 - 0x00007ffae3ee8000 	C:\Program Files\Microsoft\jdk-11.0.16.101-hotspot\bin\java.dll
0x00007ffb1be10000 - 0x00007ffb1be1a000 	C:\Program Files\Microsoft\jdk-11.0.16.101-hotspot\bin\jimage.dll
0x00007ffae3ea0000 - 0x00007ffae3eb8000 	C:\Program Files\Microsoft\jdk-11.0.16.101-hotspot\bin\zip.dll

dbghelp: loaded successfully - version: 4.0.5 - missing functions: none
symbol engine: initialized successfully - sym options: 0x614 - pdb path: .;C:\Program Files\Microsoft\jdk-11.0.16.101-hotspot\bin;C:\WINDOWS\SYSTEM32;C:\WINDOWS\WinSxS\amd64_microsoft.windows.common-controls_6595b64144ccf1df_6.0.22621.4391_none_2715d37f73803e96;C:\Program Files\Microsoft\jdk-11.0.16.101-hotspot\bin\server

VM Arguments:
java_command: <unknown>
java_class_path (initial): <not set>
Launcher Type: SUN_STANDARD

[Global flags]
     intx CICompilerCount                          = 12                                        {product} {ergonomic}
     uint ConcGCThreads                            = 3                                         {product} {ergonomic}
     uint G1ConcRefinementThreads                  = 13                                        {product} {ergonomic}
   size_t G1HeapRegionSize                         = 4194304                                   {product} {ergonomic}
    uintx GCDrainStackTargetSize                   = 64                                        {product} {ergonomic}
   size_t InitialHeapSize                          = 1073741824                                {product} {ergonomic}
   size_t MarkStackSize                            = 4194304                                   {product} {ergonomic}
   size_t MaxHeapSize                              = 17133731840                               {product} {ergonomic}
   size_t MinHeapDeltaBytes                        = 4194304                                   {product} {ergonomic}
    uintx NonNMethodCodeHeapSize                   = 7594288                                {pd product} {ergonomic}
    uintx NonProfiledCodeHeapSize                  = 122031976                              {pd product} {ergonomic}
    uintx ProfiledCodeHeapSize                     = 122031976                              {pd product} {ergonomic}
    uintx ReservedCodeCacheSize                    = 251658240                              {pd product} {ergonomic}
     bool SegmentedCodeCache                       = true                                      {product} {ergonomic}
     bool UseCompressedClassPointers               = true                                 {lp64_product} {ergonomic}
     bool UseCompressedOops                        = true                                 {lp64_product} {ergonomic}
     bool UseG1GC                                  = true                                      {product} {ergonomic}
     bool UseLargePagesIndividualAllocation        = false                                  {pd product} {ergonomic}

Logging:
Log output configuration:
 #0: stdout all=warning uptime,level,tags
 #1: stderr all=off uptime,level,tags

Environment Variables:
PATH=C:\Program Files\PlasticSCM5\server;C:\Program Files\PlasticSCM5\client;C:\Program Files\Microsoft\jdk-11.0.16.101-hotspot\bin;C:\Program Files\Common Files\Oracle\Java\javapath;C:\Program Files (x86)\Common Files\Oracle\Java\javapath;C:\Windows\system32;C:\Windows;C:\Windows\System32\Wbem;C:\Windows\System32\WindowsPowerShell\v1.0\;C:\Windows\System32\OpenSSH\;C:\Program Files\NVIDIA Corporation\NVIDIA NvDLISR;C:\Program Files\Git\cmd;C:\Program Files\Common Files\Autodesk Shared\;C:\Program Files\Microsoft SQL Server\120\Tools\Binn\;C:\WINDOWS\system32;C:\WINDOWS;C:\WINDOWS\System32\Wbem;C:\WINDOWS\System32\WindowsPowerShell\v1.0\;C:\WINDOWS\System32\OpenSSH\;C:\Program Files\Git LFS;C:\Program Files\dotnet\;C:\Program Files (x86)\NVIDIA Corporation\PhysX\Common;C:\Program Files (x86)\mysql-5.7.34-winx64\bin;C:\Users\flyer\.cargo\bin;C:\Programs\Python\Python310\Scripts\;C:\Programs\Python\Python310\;%USERPROFILE%\AppData\Local\Microsoft\WindowsApps;C:\Users\flyer\AppData\Local\Programs\Microsoft VS Code\bin;%USERPROFILE%\.dotnet\tools;C:\Users\flyer\AppData\Local\Programs\Python\Python310;C:\Users\flyer\AppData\Local\UGit\app-5.26.0\resources\app\git\cmd;C:\Users\flyer\AppData\Local\UGit\bin
USERNAME=flyer
OS=Windows_NT
PROCESSOR_IDENTIFIER=Intel64 Family 6 Model 165 Stepping 2, GenuineIntel
TMP=C:\Users\flyer\AppData\Local\Temp
TEMP=C:\Users\flyer\AppData\Local\Temp



---------------  S Y S T E M  ---------------

OS: Windows 11 , 64 bit Build 22621 (10.0.22621.4391)
OS uptime: 2 days 4:08 hours

CPU:total 16 (initial active 16) (8 cores per cpu, 2 threads per core) family 6 model 165 stepping 2 microcode 0xe0, cmov, cx8, fxsr, mmx, sse, sse2, sse3, ssse3, sse4.1, sse4.2, popcnt, avx, avx2, aes, clmul, erms, 3dnowpref, lzcnt, ht, tsc, tscinvbit, bmi1, bmi2, adx, fma

Memory: 4k page, system-wide physical 65354M (838M free)
TotalPageFile size 70323M (AvailPageFile size 925M)
current process WorkingSet (physical memory assigned to process): 11M, peak: 11M
current process commit charge ("private bytes"): 72M, peak: 1095M

vm_info: OpenJDK 64-Bit Server VM (11.0.16.1+1-LTS) for windows-amd64 JRE (11.0.16.1+1-LTS), built on Aug 20 2022 20:09:04 by "" with MS VC++ 15.9 (VS2017)

END.
